// Jest Snapshot v1, https://goo.gl/fbAQLP

exports[`Loan Calculator Summary Tests should render Loan Calculator Component 1`] = `ShallowWrapper {}`;
