// Jest Snapshot v1, https://goo.gl/fbAQLP

exports[`Loan Calculator Container Tests should render Loan Calculator Component 1`] = `ShallowWrapper {}`;

exports[`Loan Calculator Container Tests should render Loan Summary Component 1`] = `ShallowWrapper {}`;
