// Jest Snapshot v1, https://goo.gl/fbAQLP

exports[`Error Alert Tests should render Loan Calculator Component 1`] = `ShallowWrapper {}`;
